\BOOKMARK [0][-]{chapter*.4}{\376\377\000A\000b\000s\000t\000r\000a\000c\000t}{}% 1
\BOOKMARK [0][-]{chapter*.5}{\376\377\000D\000e\000c\000l\000a\000r\000a\000t\000i\000o\000n}{}% 2
\BOOKMARK [0][-]{chapter*.6}{\376\377\000C\000o\000p\000y\000r\000i\000g\000h\000t}{}% 3
\BOOKMARK [0][-]{chapter*.7}{\376\377\000A\000c\000k\000n\000o\000w\000l\000e\000d\000g\000e\000m\000e\000n\000t\000s}{}% 4
\BOOKMARK [0][-]{chapter.1}{\376\377\000I\000n\000t\000r\000o\000d\000u\000c\000t\000i\000o\000n}{}% 5
\BOOKMARK [1][-]{section.1.1}{\376\377\000O\000v\000e\000r\000v\000i\000e\000w}{chapter.1}% 6
\BOOKMARK [1][-]{section.1.2}{\376\377\000M\000o\000t\000i\000v\000a\000t\000i\000o\000n}{chapter.1}% 7
\BOOKMARK [1][-]{section.1.3}{\376\377\000P\000r\000o\000j\000e\000c\000t\000\040\000A\000i\000m\000s\000\040\000a\000n\000d\000\040\000O\000b\000j\000e\000c\000t\000i\000v\000e\000s}{chapter.1}% 8
\BOOKMARK [1][-]{section.1.4}{\376\377\000S\000u\000c\000c\000e\000s\000s\000\040\000C\000r\000i\000t\000e\000r\000i\000a}{chapter.1}% 9
\BOOKMARK [1][-]{section.1.5}{\376\377\000E\000v\000a\000l\000u\000a\000t\000i\000o\000n\000\040\000A\000p\000p\000r\000o\000a\000c\000h}{chapter.1}% 10
\BOOKMARK [2][-]{subsection.1.5.1}{\376\377\000P\000r\000e\000d\000i\000c\000t\000i\000o\000n\000\040\000P\000e\000r\000f\000o\000r\000m\000a\000n\000c\000e}{section.1.5}% 11
\BOOKMARK [2][-]{subsection.1.5.2}{\376\377\000M\000o\000d\000e\000l\000\040\000P\000e\000r\000f\000o\000r\000m\000a\000n\000c\000e}{section.1.5}% 12
\BOOKMARK [1][-]{section.1.6}{\376\377\000R\000e\000p\000o\000r\000t\000\040\000S\000t\000r\000u\000c\000t\000u\000r\000e}{chapter.1}% 13
\BOOKMARK [0][-]{chapter.2}{\376\377\000B\000a\000c\000k\000g\000r\000o\000u\000n\000d}{}% 14
\BOOKMARK [1][-]{section.2.1}{\376\377\000A\000r\000t\000i\000f\000i\000c\000i\000a\000l\000\040\000N\000e\000u\000r\000a\000l\000\040\000N\000e\000t\000w\000o\000r\000k\000s}{chapter.2}% 15
\BOOKMARK [2][-]{subsection.2.1.1}{\376\377\000W\000h\000a\000t\000\040\000i\000s\000\040\000a\000n\000\040\000A\000r\000t\000i\000f\000i\000c\000i\000a\000l\000\040\000N\000e\000u\000r\000a\000l\000\040\000N\000e\000t\000w\000o\000r\000k\000?}{section.2.1}% 16
\BOOKMARK [2][-]{subsection.2.1.2}{\376\377\000T\000r\000a\000i\000n\000i\000n\000g\000\040\000a\000n\000\040\000A\000r\000t\000i\000f\000i\000c\000i\000a\000l\000\040\000N\000e\000u\000r\000a\000l\000\040\000N\000e\000t\000w\000o\000r\000k}{section.2.1}% 17
\BOOKMARK [2][-]{subsection.2.1.3}{\376\377\000M\000u\000l\000t\000i\000p\000l\000y\000-\000A\000c\000c\000u\000m\000u\000l\000a\000t\000e\000\040\000O\000p\000e\000r\000a\000t\000i\000o\000n\000s}{section.2.1}% 18
\BOOKMARK [1][-]{section.2.2}{\376\377\000C\000o\000n\000v\000o\000l\000u\000t\000i\000o\000n\000a\000l\000\040\000N\000e\000u\000r\000a\000l\000\040\000N\000e\000t\000w\000o\000r\000k\000s\000\040\000f\000o\000r\000\040\000O\000b\000j\000e\000c\000t\000\040\000D\000e\000t\000e\000c\000t\000i\000o\000n}{chapter.2}% 19
\BOOKMARK [2][-]{subsection.2.2.1}{\376\377\000C\000o\000n\000v\000o\000l\000u\000t\000i\000o\000n\000a\000l\000\040\000F\000e\000a\000t\000u\000r\000e\000\040\000E\000x\000t\000r\000a\000c\000t\000i\000o\000n}{section.2.2}% 20
\BOOKMARK [2][-]{subsection.2.2.2}{\376\377\000R\000e\000s\000i\000d\000u\000a\000l\000\040\000L\000e\000a\000r\000n\000i\000n\000g}{section.2.2}% 21
\BOOKMARK [2][-]{subsection.2.2.3}{\376\377\000O\000b\000j\000e\000c\000t\000\040\000D\000e\000t\000e\000c\000t\000i\000o\000n\000\040\000\046\000\040\000B\000o\000u\000n\000d\000i\000n\000g\000\040\000B\000o\000x\000\040\000R\000e\000g\000r\000e\000s\000s\000i\000o\000n}{section.2.2}% 22
\BOOKMARK [2][-]{subsection.2.2.4}{\376\377\000G\000I\000o\000U\000\040\000L\000o\000s\000s}{section.2.2}% 23
\BOOKMARK [1][-]{section.2.3}{\376\377\000S\000p\000i\000k\000i\000n\000g\000\040\000N\000e\000u\000r\000a\000l\000\040\000N\000e\000t\000w\000o\000r\000k\000s}{chapter.2}% 24
\BOOKMARK [2][-]{subsection.2.3.1}{\376\377\000T\000h\000e\000\040\000L\000e\000a\000k\000y\000\040\000I\000n\000t\000e\000g\000r\000a\000t\000e\000-\000a\000n\000d\000-\000F\000i\000r\000e\000\040\000N\000e\000u\000r\000o\000n}{section.2.3}% 25
\BOOKMARK [2][-]{subsection.2.3.2}{\376\377\000S\000u\000r\000r\000o\000g\000a\000t\000e\000\040\000G\000r\000a\000d\000i\000e\000n\000t\000s}{section.2.3}% 26
\BOOKMARK [2][-]{subsection.2.3.3}{\376\377\000T\000e\000m\000p\000o\000r\000a\000l\000\040\000D\000y\000n\000a\000m\000i\000c\000s\000\040\000\046\000\040\000R\000a\000p\000i\000d\000\040\000C\000a\000t\000e\000g\000o\000r\000i\000s\000a\000t\000i\000o\000n}{section.2.3}% 27
\BOOKMARK [1][-]{section.2.4}{\376\377\000E\000v\000e\000n\000t\000-\000B\000a\000s\000e\000d\000\040\000V\000i\000s\000i\000o\000n}{chapter.2}% 28
\BOOKMARK [2][-]{subsection.2.4.1}{\376\377\000E\000v\000e\000n\000t\000\040\000C\000a\000m\000e\000r\000a\000s}{section.2.4}% 29
\BOOKMARK [2][-]{subsection.2.4.2}{\376\377\000T\000h\000e\000\040\000N\000a\000t\000u\000r\000a\000l\000\040\000S\000N\000N\040\023\000E\000v\000e\000n\000t\000\040\000C\000a\000m\000e\000r\000a\000\040\000P\000a\000i\000r\000i\000n\000g}{section.2.4}% 30
\BOOKMARK [1][-]{section.2.5}{\376\377\000e\000t\000r\000a\000m\000\040\000D\000a\000t\000a\000s\000e\000t}{chapter.2}% 31
\BOOKMARK [2][-]{subsection.2.5.1}{\376\377\000D\000a\000t\000a\000s\000e\000t\000\040\000O\000v\000e\000r\000v\000i\000e\000w\000\040\000\046\000\040\000A\000c\000q\000u\000i\000s\000i\000t\000i\000o\000n\000\040\000S\000e\000t\000u\000p}{section.2.5}% 32
\BOOKMARK [2][-]{subsection.2.5.2}{\376\377\000C\000l\000a\000s\000s\000\040\000T\000a\000x\000o\000n\000o\000m\000y\000,\000\040\000S\000c\000a\000l\000e\000\040\000\046\000\040\000A\000n\000n\000o\000t\000a\000t\000i\000o\000n}{section.2.5}% 33
\BOOKMARK [2][-]{subsection.2.5.3}{\376\377\000S\000u\000i\000t\000a\000b\000i\000l\000i\000t\000y\000\040\000f\000o\000r\000\040\000T\000h\000i\000s\000\040\000P\000r\000o\000j\000e\000c\000t}{section.2.5}% 34
\BOOKMARK [1][-]{section.2.6}{\376\377\000N\000e\000u\000r\000o\000m\000o\000r\000p\000h\000i\000c\000\040\000H\000a\000r\000d\000w\000a\000r\000e\000\040\000\046\000\040\000E\000n\000e\000r\000g\000y\000\040\000M\000o\000d\000e\000l\000l\000i\000n\000g}{chapter.2}% 35
\BOOKMARK [2][-]{subsection.2.6.1}{\376\377\000N\000e\000u\000r\000o\000m\000o\000r\000p\000h\000i\000c\000\040\000H\000a\000r\000d\000w\000a\000r\000e\000\040\000P\000l\000a\000t\000f\000o\000r\000m\000s}{section.2.6}% 36
\BOOKMARK [2][-]{subsection.2.6.2}{\376\377\000T\000h\000e\000\040\000m\000a\000c\000\040\000v\000s\000\040\000a\000c\000\040\000E\000n\000e\000r\000g\000y\000\040\000D\000i\000s\000t\000i\000n\000c\000t\000i\000o\000n}{section.2.6}% 37
\BOOKMARK [1][-]{section.2.7}{\376\377\000R\000e\000l\000a\000t\000e\000d\000\040\000W\000o\000r\000k}{chapter.2}% 38
\BOOKMARK [2][-]{subsection.2.7.1}{\376\377\000T\000h\000e\000\040\000P\000r\000o\000g\000r\000e\000s\000s\000i\000o\000n\000\040\000o\000f\000\040\000S\000p\000i\000k\000i\000n\000g\000\040\000A\000r\000c\000h\000i\000t\000e\000c\000t\000u\000r\000e\000s}{section.2.7}% 39
\BOOKMARK [2][-]{subsection.2.7.2}{\376\377\000E\000v\000e\000n\000t\000-\000B\000a\000s\000e\000d\000\040\000O\000b\000j\000e\000c\000t\000\040\000D\000e\000t\000e\000c\000t\000i\000o\000n}{section.2.7}% 40
\BOOKMARK [2][-]{subsection.2.7.3}{\376\377\000T\000h\000e\000\040\000G\000a\000p\000\040\000T\000h\000i\000s\000\040\000P\000r\000o\000j\000e\000c\000t\000\040\000A\000d\000d\000r\000e\000s\000s\000e\000s}{section.2.7}% 41
\BOOKMARK [0][-]{chapter.3}{\376\377\000T\000e\000c\000h\000n\000i\000c\000a\000l\000\040\000Q\000u\000a\000l\000i\000t\000y\000,\000\040\000M\000e\000t\000h\000o\000d\000o\000l\000o\000g\000y\000\040\000\046\000\040\000E\000v\000a\000l\000u\000a\000t\000i\000o\000n}{}% 42
\BOOKMARK [1][-]{section.3.1}{\376\377\000R\000e\000q\000u\000i\000r\000e\000m\000e\000n\000t\000s\000\040\000A\000n\000a\000l\000y\000s\000i\000s}{chapter.3}% 43
\BOOKMARK [2][-]{subsection.3.1.1}{\376\377\000F\000u\000n\000c\000t\000i\000o\000n\000a\000l\000\040\000R\000e\000q\000u\000i\000r\000e\000m\000e\000n\000t\000s}{section.3.1}% 44
\BOOKMARK [2][-]{subsection.3.1.2}{\376\377\000N\000o\000n\000-\000F\000u\000n\000c\000t\000i\000o\000n\000a\000l\000\040\000R\000e\000q\000u\000i\000r\000e\000m\000e\000n\000t\000s\000\040\000\046\000\040\000C\000o\000n\000s\000t\000r\000a\000i\000n\000t\000s}{section.3.1}% 45
\BOOKMARK [1][-]{section.3.2}{\376\377\000S\000y\000s\000t\000e\000m\000\040\000A\000r\000c\000h\000i\000t\000e\000c\000t\000u\000r\000e\000\040\000O\000v\000e\000r\000v\000i\000e\000w}{chapter.3}% 46
\BOOKMARK [1][-]{section.3.3}{\376\377\000D\000a\000t\000a\000\040\000P\000r\000e\000p\000r\000o\000c\000e\000s\000s\000i\000n\000g\000:\000\040\000T\000h\000e\000\040\000R\000E\000P\000L\000I\000C\000A\000\040\000P\000i\000p\000e\000l\000i\000n\000e}{chapter.3}% 47
\BOOKMARK [2][-]{subsection.3.3.1}{\376\377\000R\000a\000w\000\040\000E\000v\000e\000n\000t\000\040\000I\000n\000g\000e\000s\000t\000i\000o\000n\000\040\000\046\000\040\000W\000i\000n\000d\000o\000w\000i\000n\000g}{section.3.3}% 48
\BOOKMARK [2][-]{subsection.3.3.2}{\376\377\000S\000i\000g\000n\000a\000l\000\040\000C\000o\000n\000d\000i\000t\000i\000o\000n\000i\000n\000g}{section.3.3}% 49
\BOOKMARK [2][-]{subsection.3.3.3}{\376\377\000S\000p\000a\000t\000i\000o\000t\000e\000m\000p\000o\000r\000a\000l\000\040\000V\000o\000x\000e\000l\000i\000z\000a\000t\000i\000o\000n}{section.3.3}% 50
\BOOKMARK [2][-]{subsection.3.3.4}{\376\377\000D\000o\000w\000n\000s\000a\000m\000p\000l\000i\000n\000g\000\040\000\046\000\040\000N\000o\000r\000m\000a\000l\000i\000z\000a\000t\000i\000o\000n}{section.3.3}% 51
\BOOKMARK [2][-]{subsection.3.3.5}{\376\377\000M\000u\000l\000t\000i\000-\000O\000b\000j\000e\000c\000t\000\040\000L\000a\000b\000e\000l\000\040\000A\000l\000i\000g\000n\000m\000e\000n\000t}{section.3.3}% 52
\BOOKMARK [2][-]{subsection.3.3.6}{\376\377\000C\000h\000u\000n\000k\000i\000n\000g\000\040\000f\000o\000r\000\040\000H\000i\000g\000h\000-\000T\000h\000r\000o\000u\000g\000h\000p\000u\000t\000\040\000I\000/\000O}{section.3.3}% 53
\BOOKMARK [2][-]{subsection.3.3.7}{\376\377\000R\000E\000P\000L\000I\000C\000A\000\040\000P\000i\000p\000e\000l\000i\000n\000e\000:\000\040\000V\000i\000s\000u\000a\000l\000i\000z\000e\000d}{section.3.3}% 54
\BOOKMARK [1][-]{section.3.4}{\376\377\000S\000p\000i\000k\000i\000n\000g\000\040\000N\000e\000u\000r\000a\000l\000\040\000N\000e\000t\000w\000o\000r\000k\000\040\000\050\000S\000N\000N\000\051\000\040\000A\000r\000c\000h\000i\000t\000e\000c\000t\000u\000r\000e}{chapter.3}% 55
\BOOKMARK [2][-]{subsection.3.4.1}{\376\377\000S\000p\000a\000t\000i\000o\000t\000e\000m\000p\000o\000r\000a\000l\000\040\000I\000n\000p\000u\000t\000\040\000\046\000\040\000M\000u\000l\000t\000i\000-\000S\000t\000e\000p\000\040\000E\000x\000e\000c\000u\000t\000i\000o\000n}{section.3.4}% 56
\BOOKMARK [2][-]{subsection.3.4.2}{\376\377\000N\000e\000u\000r\000o\000n\000\040\000D\000y\000n\000a\000m\000i\000c\000s\000:\000\040\000l\000i\000f}{section.3.4}% 57
\BOOKMARK [2][-]{subsection.3.4.3}{\376\377\000B\000a\000c\000k\000b\000o\000n\000e\000:\000\040\000S\000E\000W\000-\000R\000e\000s\000N\000e\000t\000\040\000\046\000\040\000A\000t\000t\000e\000n\000t\000i\000o\000n}{section.3.4}% 58
\BOOKMARK [2][-]{subsection.3.4.4}{\376\377\000F\000i\000r\000i\000n\000g\000\040\000R\000a\000t\000e\000\040\000R\000e\000g\000u\000l\000a\000r\000i\000z\000a\000t\000i\000o\000n\000\040\000\050\000F\000R\000R\000\051}{section.3.4}% 59
\BOOKMARK [2][-]{subsection.3.4.5}{\376\377\000M\000u\000l\000t\000i\000-\000B\000o\000x\000\040\000R\000e\000g\000r\000e\000s\000s\000i\000o\000n\000\040\000H\000e\000a\000d}{section.3.4}% 60
\BOOKMARK [1][-]{section.3.5}{\376\377\000C\000o\000n\000v\000o\000l\000u\000t\000i\000o\000n\000a\000l\000\040\000N\000e\000u\000r\000a\000l\000\040\000N\000e\000t\000w\000o\000r\000k\000\040\000\050\000C\000N\000N\000\051\000\040\000B\000a\000s\000e\000l\000i\000n\000e}{chapter.3}% 61
\BOOKMARK [2][-]{subsection.3.5.1}{\376\377\000S\000t\000r\000u\000c\000t\000u\000r\000a\000l\000\040\000C\000o\000n\000f\000i\000g\000u\000r\000a\000t\000i\000o\000n\000\040\000\046\000\040\000L\000a\000y\000e\000r\000-\000W\000i\000s\000e\000\040\000M\000a\000p\000p\000i\000n\000g}{section.3.5}% 62
\BOOKMARK [2][-]{subsection.3.5.2}{\376\377\000I\000n\000p\000u\000t\000\040\000S\000t\000r\000a\000t\000e\000g\000y\000:\000\040\000C\000h\000a\000n\000n\000e\000l\000-\000W\000i\000s\000e\000\040\000T\000e\000m\000p\000o\000r\000a\000l\000\040\000I\000n\000t\000e\000g\000r\000a\000t\000i\000o\000n}{section.3.5}% 63
\BOOKMARK [2][-]{subsection.3.5.3}{\376\377\000B\000a\000c\000k\000b\000o\000n\000e\000:\000\040\000I\000d\000e\000n\000t\000i\000t\000y\000\040\000M\000a\000p\000p\000i\000n\000g\000\040\000\046\000\040\000R\000e\000s\000i\000d\000u\000a\000l\000\040\000C\000o\000n\000n\000e\000c\000t\000i\000o\000n\000s}{section.3.5}% 64
\BOOKMARK [2][-]{subsection.3.5.4}{\376\377\000S\000E\000W\000R\000e\000s\000B\000l\000o\000c\000k\000\040\000v\000s\000\040\000S\000t\000a\000n\000d\000a\000r\000d\000\040\000R\000e\000s\000B\000l\000o\000c\000k}{section.3.5}% 65
\BOOKMARK [2][-]{subsection.3.5.5}{\376\377\000A\000t\000t\000e\000n\000t\000i\000o\000n\000\040\000M\000e\000c\000h\000a\000n\000i\000s\000m\000:\000\040\000S\000E\000-\000B\000l\000o\000c\000k}{section.3.5}% 66
\BOOKMARK [2][-]{subsection.3.5.6}{\376\377\000T\000h\000e\000\040\000`\000`\000G\000o\000l\000d\000\040\000S\000t\000a\000n\000d\000a\000r\000d\000'\000'\000\040\000U\000p\000p\000e\000r\000\040\000B\000o\000u\000n\000d}{section.3.5}% 67
\BOOKMARK [1][-]{section.3.6}{\376\377\000A\000r\000c\000h\000i\000t\000e\000c\000t\000u\000r\000a\000l\000\040\000E\000v\000o\000l\000u\000t\000i\000o\000n}{chapter.3}% 68
\BOOKMARK [2][-]{subsection.3.6.1}{\376\377\000P\000h\000a\000s\000e\000\040\0000\000:\000\040\000T\000h\000e\000\040\000S\000p\000a\000t\000i\000a\000l\000\040\000C\000r\000o\000p\000p\000i\000n\000g\000\040\000P\000i\000t\000f\000a\000l\000l\000\040\000\050\000E\000a\000r\000l\000y\000\040\000P\000r\000o\000t\000o\000t\000y\000p\000i\000n\000g\000\051}{section.3.6}% 69
\BOOKMARK [2][-]{subsection.3.6.2}{\376\377\000G\000e\000n\000e\000r\000a\000t\000i\000o\000n\000\040\0001\000:\000\040\000T\000h\000e\000\040\000M\000u\000l\000t\000i\000-\000B\000o\000x\000\040\000P\000a\000r\000a\000d\000i\000g\000m\000\040\000S\000h\000i\000f\000t}{section.3.6}% 70
\BOOKMARK [2][-]{subsection.3.6.3}{\376\377\000G\000e\000n\000e\000r\000a\000t\000i\000o\000n\000\040\0002\000:\000\040\000T\000h\000e\000\040\000E\000x\000p\000a\000n\000d\000e\000d\000\040\000S\000p\000a\000t\000i\000a\000l\000\040\000H\000e\000a\000d\000\040\000\050\0007\000.\0000\0000\000M\000\040\000P\000a\000r\000a\000m\000e\000t\000e\000r\000\040\000M\000A\000X\000\040\000G\000e\000n\000e\000r\000a\000t\000i\000o\000n\000\051}{section.3.6}% 71
\BOOKMARK [2][-]{subsection.3.6.4}{\376\377\000G\000e\000n\000e\000r\000a\000t\000i\000o\000n\000\040\0003\000:\000\040\000T\000h\000e\000\040\000H\000i\000g\000h\000-\000R\000e\000s\000o\000l\000u\000t\000i\000o\000n\000\040\000B\000a\000c\000k\000b\000o\000n\000e\000\040\000\050\0001\0001\000.\0007\000M\000\040\000P\000a\000r\000a\000m\000e\000t\000e\000r\000\040\000U\000L\000T\000R\000A\000\040\000G\000e\000n\000e\000r\000a\000t\000i\000o\000n\000\051}{section.3.6}% 72
\BOOKMARK [2][-]{subsection.3.6.5}{\376\377\000G\000e\000n\000e\000r\000a\000t\000i\000o\000n\000s\000:\000\040\000S\000u\000m\000m\000a\000r\000i\000z\000e\000d}{section.3.6}% 73
\BOOKMARK [1][-]{section.3.7}{\376\377\000E\000x\000p\000e\000r\000i\000m\000e\000n\000t\000a\000l\000\040\000S\000e\000t\000u\000p\000\040\000\046\000\040\000B\000e\000n\000c\000h\000m\000a\000r\000k\000i\000n\000g}{chapter.3}% 74
\BOOKMARK [2][-]{subsection.3.7.1}{\376\377\000D\000y\000n\000a\000m\000i\000c\000\040\000P\000o\000w\000e\000r\000\040\000E\000s\000t\000i\000m\000a\000t\000i\000o\000n}{section.3.7}% 75
\BOOKMARK [2][-]{subsection.3.7.2}{\376\377\000Q\000u\000a\000n\000t\000i\000z\000a\000t\000i\000o\000n\000\040\000E\000r\000r\000o\000r\000\040\000A\000n\000a\000l\000y\000s\000i\000s\000\040\000\050\000A\000c\000c\000u\000r\000a\000c\000y\000\040\000v\000s\000.\000\040\000O\000b\000j\000e\000c\000t\000\040\000S\000i\000z\000e\000\051}{section.3.7}% 76
\BOOKMARK [2][-]{subsection.3.7.3}{\376\377\000C\000o\000n\000f\000i\000d\000e\000n\000c\000e\000\040\000C\000a\000l\000i\000b\000r\000a\000t\000i\000o\000n}{section.3.7}% 77
\BOOKMARK [2][-]{subsection.3.7.4}{\376\377\000T\000e\000m\000p\000o\000r\000a\000l\000\040\000E\000v\000i\000d\000e\000n\000c\000e\000\040\000A\000c\000c\000u\000m\000u\000l\000a\000t\000i\000o\000n}{section.3.7}% 78
\BOOKMARK [2][-]{subsection.3.7.5}{\376\377\000R\000e\000a\000l\000-\000T\000i\000m\000e\000\040\000L\000a\000t\000e\000n\000c\000y\000\040\000B\000e\000n\000c\000h\000m\000a\000r\000k}{section.3.7}% 79
\BOOKMARK [2][-]{subsection.3.7.6}{\376\377\000T\000h\000e\000o\000r\000e\000t\000i\000c\000a\000l\000\040\000E\000n\000e\000r\000g\000y\000\040\000C\000o\000n\000s\000u\000m\000p\000t\000i\000o\000n}{section.3.7}% 80
\BOOKMARK [2][-]{subsection.3.7.7}{\376\377\000G\000l\000o\000b\000a\000l\000\040\000P\000e\000r\000f\000o\000r\000m\000a\000n\000c\000e\000\040\000E\000v\000a\000l\000u\000a\000t\000o\000r}{section.3.7}% 81
\BOOKMARK [1][-]{section.3.8}{\376\377\000R\000e\000s\000u\000l\000t\000s\000\040\000\046\000\040\000E\000v\000a\000l\000u\000a\000t\000i\000o\000n}{chapter.3}% 82
\BOOKMARK [2][-]{subsection.3.8.1}{\376\377\000G\000l\000o\000b\000a\000l\000\040\000E\000v\000a\000l\000u\000a\000t\000o\000r}{section.3.8}% 83
\BOOKMARK [2][-]{subsection.3.8.2}{\376\377\000D\000y\000n\000a\000m\000i\000c\000\040\000P\000o\000w\000e\000r}{section.3.8}% 84
\BOOKMARK [2][-]{subsection.3.8.3}{\376\377\000T\000h\000e\000o\000r\000e\000t\000i\000c\000a\000l\000\040\000E\000n\000e\000r\000g\000y\000\040\000C\000o\000n\000s\000u\000m\000p\000t\000i\000o\000n}{section.3.8}% 85
\BOOKMARK [2][-]{subsection.3.8.4}{\376\377\000Q\000u\000a\000n\000t\000i\000z\000a\000t\000i\000o\000n\000\040\000E\000r\000r\000o\000r}{section.3.8}% 86
\BOOKMARK [2][-]{subsection.3.8.5}{\376\377\000C\000o\000n\000f\000i\000d\000e\000n\000c\000e\000\040\000C\000a\000l\000i\000b\000r\000a\000t\000i\000o\000n}{section.3.8}% 87
\BOOKMARK [2][-]{subsection.3.8.6}{\376\377\000T\000e\000m\000p\000o\000r\000a\000l\000\040\000E\000v\000i\000d\000e\000n\000c\000e\000\040\000A\000c\000c\000u\000m\000u\000l\000a\000t\000i\000o\000n}{section.3.8}% 88
\BOOKMARK [2][-]{subsection.3.8.7}{\376\377\000R\000e\000a\000l\000-\000T\000i\000m\000e\000\040\000L\000a\000t\000e\000n\000c\000y\000\040\000B\000e\000n\000c\000h\000m\000a\000r\000k}{section.3.8}% 89
\BOOKMARK [0][-]{chapter.4}{\376\377\000S\000u\000m\000m\000a\000r\000y\000\040\000\046\000\040\000C\000o\000n\000c\000l\000u\000s\000i\000o\000n\000s}{}% 90
\BOOKMARK [1][-]{section.4.1}{\376\377\000S\000u\000m\000m\000a\000r\000y\000\040\000o\000f\000\040\000O\000u\000t\000c\000o\000m\000e\000s}{chapter.4}% 91
\BOOKMARK [2][-]{subsection.4.1.1}{\376\377\000G\000l\000o\000b\000a\000l\000\040\000P\000r\000e\000c\000i\000s\000i\000o\000n\000\040\000P\000a\000r\000i\000t\000y}{section.4.1}% 92
\BOOKMARK [2][-]{subsection.4.1.2}{\376\377\000D\000e\000c\000i\000s\000i\000v\000e\000\040\000E\000f\000f\000i\000c\000i\000e\000n\000c\000y\000\040\000G\000a\000i\000n\000s}{section.4.1}% 93
\BOOKMARK [2][-]{subsection.4.1.3}{\376\377\000T\000e\000m\000p\000o\000r\000a\000l\000\040\000R\000e\000l\000i\000a\000b\000i\000l\000i\000t\000y\000\040\000a\000n\000d\000\040\000S\000h\000a\000r\000p\000e\000n\000i\000n\000g}{section.4.1}% 94
\BOOKMARK [2][-]{subsection.4.1.4}{\376\377\000R\000e\000a\000l\000-\000T\000i\000m\000e\000\040\000V\000i\000a\000b\000i\000l\000i\000t\000y}{section.4.1}% 95
\BOOKMARK [1][-]{section.4.2}{\376\377\000C\000r\000i\000t\000i\000c\000a\000l\000\040\000R\000e\000f\000l\000e\000c\000t\000i\000o\000n\000\040\000\046\000\040\000F\000u\000t\000u\000r\000e\000\040\000W\000o\000r\000k}{chapter.4}% 96
\BOOKMARK [2][-]{subsection.4.2.1}{\376\377\000H\000a\000r\000d\000w\000a\000r\000e\000-\000P\000a\000r\000a\000d\000i\000g\000m\000\040\000I\000n\000e\000q\000u\000i\000t\000y\000:\000\040\000T\000h\000e\000\040\000l\000i\000f\000\040\000S\000i\000m\000u\000l\000a\000t\000i\000o\000n\000\040\000P\000e\000n\000a\000l\000t\000y}{section.4.2}% 97
\BOOKMARK [2][-]{subsection.4.2.2}{\376\377\000T\000h\000e\000\040\000T\000e\000m\000p\000o\000r\000a\000l\000\040\000Q\000u\000a\000n\000t\000i\000z\000a\000t\000i\000o\000n\000\040\000C\000e\000i\000l\000i\000n\000g}{section.4.2}% 98
\BOOKMARK [2][-]{subsection.4.2.3}{\376\377\000T\000h\000e\000\040\000D\000e\000t\000e\000c\000t\000i\000o\000n\000\040\000H\000e\000a\000d\000\040\000M\000i\000s\000m\000a\000t\000c\000h}{section.4.2}% 99
\BOOKMARK [2][-]{subsection.4.2.4}{\376\377\000D\000a\000t\000a\000s\000e\000t\000\040\000D\000o\000m\000a\000i\000n\000\040\000G\000a\000p\000\040\000a\000n\000d\000\040\000S\000t\000r\000a\000t\000e\000g\000i\000c\000\040\000S\000e\000l\000e\000c\000t\000i\000o\000n}{section.4.2}% 100
